Sun Oct 16 08:31:05 PDT 2011
Sun Oct 16 08:31:10 PDT 2011
Sun Oct 16 08:31:15 PDT 2011
Sun Oct 16 08:31:20 PDT 2011
Sun Oct 16 08:31:25 PDT 2011
Sun Oct 16 08:31:30 PDT 2011
Sun Oct 16 08:31:35 PDT 2011
Sun Oct 16 08:31:40 PDT 2011
Sun Oct 16 08:31:45 PDT 2011
Sun Oct 16 08:31:50 PDT 2011
Sun Oct 16 08:31:55 PDT 2011
Sun Oct 16 08:32:00 PDT 2011
Sun Oct 16 08:32:05 PDT 2011
Sun Oct 16 08:32:10 PDT 2011
Sun Oct 16 08:32:15 PDT 2011
Sun Oct 16 08:32:20 PDT 2011
Sun Oct 16 08:32:25 PDT 2011
Sun Oct 16 08:32:30 PDT 2011
Sun Oct 16 08:32:35 PDT 2011
Sun Oct 16 08:32:40 PDT 2011
Sun Oct 16 08:32:45 PDT 2011
Sun Oct 16 08:32:50 PDT 2011
Sun Oct 16 08:32:55 PDT 2011
Sun Oct 16 08:33:00 PDT 2011
Sun Oct 16 08:33:05 PDT 2011
Sun Oct 16 08:33:10 PDT 2011
Sun Oct 16 08:33:15 PDT 2011
Sun Oct 16 08:33:20 PDT 2011
Sun Oct 16 08:33:25 PDT 2011
Sun Oct 16 08:33:30 PDT 2011
Sun Oct 16 08:33:35 PDT 2011
Sun Oct 16 08:33:40 PDT 2011
Sun Oct 16 08:33:45 PDT 2011
Sun Oct 16 08:33:50 PDT 2011
Sun Oct 16 08:33:55 PDT 2011
Sun Oct 16 08:34:00 PDT 2011
Sun Oct 16 08:34:05 PDT 2011
Sun Oct 16 08:34:10 PDT 2011
Sun Oct 16 08:34:15 PDT 2011
Sun Oct 16 08:34:20 PDT 2011
Sun Oct 16 08:34:25 PDT 2011
Sun Oct 16 08:34:30 PDT 2011
Sun Oct 16 08:34:35 PDT 2011
Sun Oct 16 08:34:40 PDT 2011
Sun Oct 16 08:34:45 PDT 2011
Sun Oct 16 08:34:50 PDT 2011
Sun Oct 16 08:34:55 PDT 2011
Sun Oct 16 08:35:00 PDT 2011
Sun Oct 16 08:35:05 PDT 2011
Sun Oct 16 08:35:10 PDT 2011
Sun Oct 16 08:35:15 PDT 2011
Sun Oct 16 08:35:20 PDT 2011
Sun Oct 16 08:35:25 PDT 2011
Sun Oct 16 08:35:30 PDT 2011
